// Jest Snapshot v1, https://goo.gl/fbAQLP

exports[`BackgroundImageShow Component matches the snapshot 1`] = `
<DocumentFragment>
  <div
    class="absolute bg-scroll bg-cover bg-center bg-scroll w-full md:max-w-4xl mx-0 md:mx-auto h-full left-0 md:left-auto top-0 pt-12 md:pt-14 pb-14 md:pb-8"
    style="background-image: url(/placeholder_show.png);"
  >
    <div
      class="w-full h-full bg-gray-100 dark:bg-gray-700 bg-opacity-30 dark:bg-opacity-80 overflow-y-auto"
    >
      Children
    </div>
  </div>
</DocumentFragment>
`;
