// Jest Snapshot v1, https://goo.gl/fbAQLP

exports[`Toggle Component matches the snapshot 1`] = `
<DocumentFragment>
  <div
    class="relative inline-block w-10 mr-0 align-middle select-none transition duration-200 ease-in"
  >
    <input
      aria-label="toggle"
      class="toggle-checkbox absolute block w-6 h-6 rounded-full bg-white border-4 appearance-none cursor-pointer"
      id="test"
      name="test"
      type="checkbox"
    />
    <label
      class="toggle-label block overflow-hidden h-6 rounded-full bg-gray-300 cursor-pointer"
      for="test"
    />
  </div>
</DocumentFragment>
`;
